cmd : npm error code ENOENT
En línea: 1 Carácter: 1
+ cmd /c "npm run build" > build_output.txt 2>&1
+ ~~~~~~~~~~~~~~~~~~~~~~~~~~~~~~~~~~~~~~~~~~~~~~
    + CategoryInfo          : NotSpecified: (npm error code ENOENT:String) [], 
    RemoteException
    + FullyQualifiedErrorId : NativeCommandError
 
npm error syscall open
npm error path C:\Users\Usuario\Documents\claro-y-simple\package.json
npm error errno -4058
npm error enoent Could not read package.json: Error: ENOENT: no such file or 
directory, open 'C:\Users\Usuario\Documents\claro-y-simple\package.json'
npm error enoent This is related to npm not being able to find a file.
npm error enoent
npm error A complete log of this run can be found in: C:\Users\Usuario\AppData\
Local\npm-cache\_logs\2026-07-23T16_18_26_656Z-debug-0.log
